Archive member included to satisfy reference by file (symbol)

../ambi_hello_small_bsp/\libhal_bsp.a(alt_load.o)
                              ../ambi_hello_small_bsp//obj/HAL/src/crt0.o (alt_load)
../ambi_hello_small_bsp/\libhal_bsp.a(alt_main.o)
                              ../ambi_hello_small_bsp//obj/HAL/src/crt0.o (alt_main)
../ambi_hello_small_bsp/\libhal_bsp.a(alt_sys_init.o)
                              ../ambi_hello_small_bsp/\libhal_bsp.a(alt_main.o) (alt_irq_init)
../ambi_hello_small_bsp/\libhal_bsp.a(alt_dcache_flush_all.o)
                              ../ambi_hello_small_bsp/\libhal_bsp.a(alt_load.o) (alt_dcache_flush_all)
../ambi_hello_small_bsp/\libhal_bsp.a(alt_dev.o)
                              ../ambi_hello_small_bsp/\libhal_bsp.a(alt_sys_init.o) (alt_dev_list)
../ambi_hello_small_bsp/\libhal_bsp.a(alt_dev_llist_insert.o)
                              ../ambi_hello_small_bsp/\libhal_bsp.a(alt_sys_init.o) (alt_dev_llist_insert)
../ambi_hello_small_bsp/\libhal_bsp.a(alt_errno.o)
                              ../ambi_hello_small_bsp/\libhal_bsp.a(alt_dev_llist_insert.o) (alt_errno)
../ambi_hello_small_bsp/\libhal_bsp.a(alt_icache_flush_all.o)
                              ../ambi_hello_small_bsp/\libhal_bsp.a(alt_load.o) (alt_icache_flush_all)
../ambi_hello_small_bsp/\libhal_bsp.a(altera_nios2_gen2_irq.o)
                              ../ambi_hello_small_bsp/\libhal_bsp.a(alt_sys_init.o) (altera_nios2_gen2_irq_init)
c:/intelfpga_lite/16.1/nios2eds/bin/gnu/h-x86_64-mingw32/bin/../lib/gcc/nios2-elf/5.3.0/../../../../../H-x86_64-mingw32/nios2-elf/lib/mno-hw-mul\libsmallc.a(lib_a-int_errno.o)
                              ../ambi_hello_small_bsp/\libhal_bsp.a(alt_dev_llist_insert.o) (errno)
c:/intelfpga_lite/16.1/nios2eds/bin/gnu/h-x86_64-mingw32/bin/../lib/gcc/nios2-elf/5.3.0/mno-hw-mul\libgcc.a(lib2-mul.o)
                              ../ambi_hello_small_bsp/\libhal_bsp.a(alt_sys_init.o) (__mulsi3)

Allocating common symbols
Common symbol       size              file

errno               0x4               c:/intelfpga_lite/16.1/nios2eds/bin/gnu/h-x86_64-mingw32/bin/../lib/gcc/nios2-elf/5.3.0/../../../../../H-x86_64-mingw32/nios2-elf/lib/mno-hw-mul\libsmallc.a(lib_a-int_errno.o)

Memory Configuration

Name             Origin             Length             Attributes
reset            0x0000000000000000 0x0000000000000020
SDRAM            0x0000000000000020 0x0000000007ffffe0
*default*        0x0000000000000000 0xffffffffffffffff

Linker script and memory map

LOAD ../ambi_hello_small_bsp//obj/HAL/src/crt0.o
LOAD obj/default/hello_world_small.o
LOAD c:/intelfpga_lite/16.1/nios2eds/bin/gnu/h-x86_64-mingw32/bin/../lib/gcc/nios2-elf/5.3.0/../../../../../H-x86_64-mingw32/nios2-elf/lib/mno-hw-mul\libstdc++.a
LOAD c:/intelfpga_lite/16.1/nios2eds/bin/gnu/h-x86_64-mingw32/bin/../lib/gcc/nios2-elf/5.3.0/../../../../../H-x86_64-mingw32/nios2-elf/lib/mno-hw-mul\libm.a
LOAD c:/intelfpga_lite/16.1/nios2eds/bin/gnu/h-x86_64-mingw32/bin/../lib/gcc/nios2-elf/5.3.0/mno-hw-mul\libgcc.a
START GROUP
LOAD c:/intelfpga_lite/16.1/nios2eds/bin/gnu/h-x86_64-mingw32/bin/../lib/gcc/nios2-elf/5.3.0/../../../../../H-x86_64-mingw32/nios2-elf/lib/mno-hw-mul\libsmallc.a
LOAD c:/intelfpga_lite/16.1/nios2eds/bin/gnu/h-x86_64-mingw32/bin/../lib/gcc/nios2-elf/5.3.0/mno-hw-mul\libgcc.a
LOAD ../ambi_hello_small_bsp/\libhal_bsp.a
LOAD c:/intelfpga_lite/16.1/nios2eds/bin/gnu/h-x86_64-mingw32/bin/../lib/gcc/nios2-elf/5.3.0/../../../../../H-x86_64-mingw32/nios2-elf/lib/mno-hw-mul\libm.a
END GROUP
LOAD c:/intelfpga_lite/16.1/nios2eds/bin/gnu/h-x86_64-mingw32/bin/../lib/gcc/nios2-elf/5.3.0/mno-hw-mul\libgcc.a
                0x0000000000000000                __alt_mem_SDRAM = 0x0

.entry          0x0000000000000000       0x20
 *(.entry)
 .entry         0x0000000000000000       0x20 ../ambi_hello_small_bsp//obj/HAL/src/crt0.o
                0x0000000000000000                __reset
                0x000000000000000c                _exit

.exceptions     0x0000000000000020        0x0
                0x0000000000000020                PROVIDE (__ram_exceptions_start, ABSOLUTE (.))
                0x0000000000000020                . = ALIGN (0x20)
 *(.irq)
 *(.exceptions.entry.label)
 *(.exceptions.entry.user)
 *(.exceptions.entry.ecc_fatal)
 *(.exceptions.entry)
 *(.exceptions.irqtest.user)
 *(.exceptions.irqtest)
 *(.exceptions.irqhandler.user)
 *(.exceptions.irqhandler)
 *(.exceptions.irqreturn.user)
 *(.exceptions.irqreturn)
 *(.exceptions.notirq.label)
 *(.exceptions.notirq.user)
 *(.exceptions.notirq)
 *(.exceptions.soft.user)
 *(.exceptions.soft)
 *(.exceptions.unknown.user)
 *(.exceptions.unknown)
 *(.exceptions.exit.label)
 *(.exceptions.exit.user)
 *(.exceptions.exit)
 *(.exceptions)
                0x0000000000000020                PROVIDE (__ram_exceptions_end, ABSOLUTE (.))
                0x0000000000000020                PROVIDE (__flash_exceptions_start, LOADADDR (.exceptions))

.text           0x0000000000000020      0x524
                [!provide]                        PROVIDE (stext, ABSOLUTE (.))
 *(.interp)
 *(.hash)
 *(.dynsym)
 *(.dynstr)
 *(.gnu.version)
 *(.gnu.version_d)
 *(.gnu.version_r)
 *(.rel.init)
 *(.rela.init)
 *(.rel.text .rel.text.* .rel.gnu.linkonce.t.*)
 *(.rela.text .rela.text.* .rela.gnu.linkonce.t.*)
 *(.rel.fini)
 *(.rela.fini)
 *(.rel.rodata .rel.rodata.* .rel.gnu.linkonce.r.*)
 *(.rela.rodata .rela.rodata.* .rela.gnu.linkonce.r.*)
 *(.rel.data .rel.data.* .rel.gnu.linkonce.d.*)
 *(.rela.data .rela.data.* .rela.gnu.linkonce.d.*)
 *(.rel.tdata .rel.tdata.* .rel.gnu.linkonce.td.*)
 *(.rela.tdata .rela.tdata.* .rela.gnu.linkonce.td.*)
 *(.rel.tbss .rel.tbss.* .rel.gnu.linkonce.tb.*)
 *(.rela.tbss .rela.tbss.* .rela.gnu.linkonce.tb.*)
 *(.rel.ctors)
 *(.rela.ctors)
 *(.rel.dtors)
 *(.rela.dtors)
 *(.rel.got)
 *(.rela.got)
 *(.rel.sdata .rel.sdata.* .rel.gnu.linkonce.s.*)
 *(.rela.sdata .rela.sdata.* .rela.gnu.linkonce.s.*)
 *(.rel.sbss .rel.sbss.* .rel.gnu.linkonce.sb.*)
 *(.rela.sbss .rela.sbss.* .rela.gnu.linkonce.sb.*)
 *(.rel.sdata2 .rel.sdata2.* .rel.gnu.linkonce.s2.*)
 *(.rela.sdata2 .rela.sdata2.* .rela.gnu.linkonce.s2.*)
 *(.rel.sbss2 .rel.sbss2.* .rel.gnu.linkonce.sb2.*)
 *(.rela.sbss2 .rela.sbss2.* .rela.gnu.linkonce.sb2.*)
 *(.rel.bss .rel.bss.* .rel.gnu.linkonce.b.*)
 *(.rela.bss .rela.bss.* .rela.gnu.linkonce.b.*)
 *(.rel.plt)
 *(.rela.plt)
 *(.rel.dyn)
 *(.init)
 *(.plt)
 *(.text .stub .text.* .gnu.linkonce.t.*)
 .text          0x0000000000000020       0x3c ../ambi_hello_small_bsp//obj/HAL/src/crt0.o
                0x0000000000000020                _start
 .text          0x000000000000005c       0x74 obj/default/hello_world_small.o
                0x000000000000005c                showLeds
                0x0000000000000098                color
 .text.startup  0x00000000000000d0      0x158 obj/default/hello_world_small.o
                0x00000000000000d0                main
 .text          0x0000000000000228       0xe0 ../ambi_hello_small_bsp/\libhal_bsp.a(alt_load.o)
                0x0000000000000228                alt_load
 .text          0x0000000000000308       0x2c ../ambi_hello_small_bsp/\libhal_bsp.a(alt_main.o)
                0x0000000000000308                alt_main
 .text          0x0000000000000334      0x164 ../ambi_hello_small_bsp/\libhal_bsp.a(alt_sys_init.o)
                0x0000000000000334                alt_irq_init
                0x0000000000000354                alt_sys_init
 .text          0x0000000000000498        0x4 ../ambi_hello_small_bsp/\libhal_bsp.a(alt_dcache_flush_all.o)
                0x0000000000000498                alt_dcache_flush_all
 .text          0x000000000000049c        0x8 ../ambi_hello_small_bsp/\libhal_bsp.a(alt_dev.o)
 .text          0x00000000000004a4       0x6c ../ambi_hello_small_bsp/\libhal_bsp.a(alt_dev_llist_insert.o)
                0x00000000000004a4                alt_dev_llist_insert
 .text          0x0000000000000510        0x0 ../ambi_hello_small_bsp/\libhal_bsp.a(alt_errno.o)
 .text          0x0000000000000510        0x4 ../ambi_hello_small_bsp/\libhal_bsp.a(alt_icache_flush_all.o)
                0x0000000000000510                alt_icache_flush_all
 .text          0x0000000000000514        0x8 ../ambi_hello_small_bsp/\libhal_bsp.a(altera_nios2_gen2_irq.o)
                0x0000000000000514                altera_nios2_gen2_irq_init
 .text          0x000000000000051c        0x0 c:/intelfpga_lite/16.1/nios2eds/bin/gnu/h-x86_64-mingw32/bin/../lib/gcc/nios2-elf/5.3.0/../../../../../H-x86_64-mingw32/nios2-elf/lib/mno-hw-mul\libsmallc.a(lib_a-int_errno.o)
 .text          0x000000000000051c       0x28 c:/intelfpga_lite/16.1/nios2eds/bin/gnu/h-x86_64-mingw32/bin/../lib/gcc/nios2-elf/5.3.0/mno-hw-mul\libgcc.a(lib2-mul.o)
                0x000000000000051c                __mulsi3
 *(.gnu.warning.*)
 *(.fini)
                [!provide]                        PROVIDE (__etext, ABSOLUTE (.))
                [!provide]                        PROVIDE (_etext, ABSOLUTE (.))
                [!provide]                        PROVIDE (etext, ABSOLUTE (.))
 *(.eh_frame_hdr)
                0x0000000000000544                . = ALIGN (0x4)
                [!provide]                        PROVIDE (__preinit_array_start, ABSOLUTE (.))
 *(.preinit_array)
                [!provide]                        PROVIDE (__preinit_array_end, ABSOLUTE (.))
                [!provide]                        PROVIDE (__init_array_start, ABSOLUTE (.))
 *(.init_array)
                [!provide]                        PROVIDE (__init_array_end, ABSOLUTE (.))
                [!provide]                        PROVIDE (__fini_array_start, ABSOLUTE (.))
 *(.fini_array)
                [!provide]                        PROVIDE (__fini_array_end, ABSOLUTE (.))
 *(.eh_frame)
 *(.gcc_except_table .gcc_except_table.*)
 *(.dynamic)
                [!provide]                        PROVIDE (__CTOR_LIST__, ABSOLUTE (.))
 *(.ctors)
 *(SORT(.ctors.*))
                [!provide]                        PROVIDE (__CTOR_END__, ABSOLUTE (.))
                [!provide]                        PROVIDE (__DTOR_LIST__, ABSOLUTE (.))
 *(.dtors)
 *(SORT(.dtors.*))
                [!provide]                        PROVIDE (__DTOR_END__, ABSOLUTE (.))
 *(.jcr)
                0x0000000000000544                . = ALIGN (0x4)

.rodata         0x0000000000000544       0x44
                0x0000000000000544                PROVIDE (__ram_rodata_start, ABSOLUTE (.))
                0x0000000000000544                . = ALIGN (0x4)
 *(.rodata .rodata.* .gnu.linkonce.r.*)
 .rodata.str1.4
                0x0000000000000544       0x37 ../ambi_hello_small_bsp/\libhal_bsp.a(alt_sys_init.o)
 *fill*         0x000000000000057b        0x1 
 .rodata.str1.4
                0x000000000000057c        0xc ../ambi_hello_small_bsp/\libhal_bsp.a(alt_dev.o)
                                          0xa (size before relaxing)
 *(.rodata1)
                0x0000000000000588                . = ALIGN (0x4)
                0x0000000000000588                PROVIDE (__ram_rodata_end, ABSOLUTE (.))
                0x0000000000000544                PROVIDE (__flash_rodata_start, LOADADDR (.rodata))

.rwdata         0x0000000000000588      0x100 load address 0x0000000000000688
                0x0000000000000588                PROVIDE (__ram_rwdata_start, ABSOLUTE (.))
                0x0000000000000588                . = ALIGN (0x4)
 *(.got.plt)
 *(.got)
 *(.data1)
 *(.data .data.* .gnu.linkonce.d.*)
 .data          0x0000000000000588        0x0 ../ambi_hello_small_bsp//obj/HAL/src/crt0.o
 .data          0x0000000000000588        0x0 obj/default/hello_world_small.o
 .data          0x0000000000000588        0x0 ../ambi_hello_small_bsp/\libhal_bsp.a(alt_load.o)
 .data          0x0000000000000588        0x0 ../ambi_hello_small_bsp/\libhal_bsp.a(alt_main.o)
 .data          0x0000000000000588       0x8c ../ambi_hello_small_bsp/\libhal_bsp.a(alt_sys_init.o)
 .data          0x0000000000000614        0x0 ../ambi_hello_small_bsp/\libhal_bsp.a(alt_dcache_flush_all.o)
 .data          0x0000000000000614       0x58 ../ambi_hello_small_bsp/\libhal_bsp.a(alt_dev.o)
                0x0000000000000614                alt_fd_list
                0x0000000000000644                alt_dev_null
 .data          0x000000000000066c        0x0 ../ambi_hello_small_bsp/\libhal_bsp.a(alt_dev_llist_insert.o)
 .data          0x000000000000066c        0x0 ../ambi_hello_small_bsp/\libhal_bsp.a(alt_errno.o)
 .data          0x000000000000066c        0x0 ../ambi_hello_small_bsp/\libhal_bsp.a(alt_icache_flush_all.o)
 .data          0x000000000000066c        0x0 ../ambi_hello_small_bsp/\libhal_bsp.a(altera_nios2_gen2_irq.o)
 .data          0x000000000000066c        0x0 c:/intelfpga_lite/16.1/nios2eds/bin/gnu/h-x86_64-mingw32/bin/../lib/gcc/nios2-elf/5.3.0/../../../../../H-x86_64-mingw32/nios2-elf/lib/mno-hw-mul\libsmallc.a(lib_a-int_errno.o)
 .data          0x000000000000066c        0x0 c:/intelfpga_lite/16.1/nios2eds/bin/gnu/h-x86_64-mingw32/bin/../lib/gcc/nios2-elf/5.3.0/mno-hw-mul\libgcc.a(lib2-mul.o)
                0x000000000000866c                _gp = ABSOLUTE ((. + 0x8000))
                [!provide]                        PROVIDE (gp, _gp)
 *(.rwdata .rwdata.*)
 *(.sdata .sdata.* .gnu.linkonce.s.*)
 .sdata         0x000000000000066c        0x4 ../ambi_hello_small_bsp/\libhal_bsp.a(alt_sys_init.o)
                0x000000000000066c                JTAG_UART
 .sdata         0x0000000000000670       0x14 ../ambi_hello_small_bsp/\libhal_bsp.a(alt_dev.o)
                0x0000000000000670                alt_max_fd
                0x0000000000000674                alt_dev_list
                0x000000000000067c                alt_fs_list
 .sdata         0x0000000000000684        0x4 ../ambi_hello_small_bsp/\libhal_bsp.a(alt_errno.o)
                0x0000000000000684                alt_errno
 *(.sdata2 .sdata2.* .gnu.linkonce.s2.*)
                0x0000000000000688                . = ALIGN (0x4)
                0x0000000000000688                _edata = ABSOLUTE (.)
                [!provide]                        PROVIDE (edata, ABSOLUTE (.))
                0x0000000000000688                PROVIDE (__ram_rwdata_end, ABSOLUTE (.))
                0x0000000000000688                PROVIDE (__flash_rwdata_start, LOADADDR (.rwdata))

.bss            0x0000000000000788       0x10
                0x0000000000000788                __bss_start = ABSOLUTE (.)
                [!provide]                        PROVIDE (__sbss_start, ABSOLUTE (.))
                [!provide]                        PROVIDE (___sbss_start, ABSOLUTE (.))
 *(.dynsbss)
 *(.sbss .sbss.* .gnu.linkonce.sb.*)
 .sbss          0x0000000000000788        0xc ../ambi_hello_small_bsp/\libhal_bsp.a(alt_main.o)
                0x0000000000000788                alt_envp
                0x000000000000078c                alt_argv
                0x0000000000000790                alt_argc
 .sbss          0x0000000000000794        0x4 c:/intelfpga_lite/16.1/nios2eds/bin/gnu/h-x86_64-mingw32/bin/../lib/gcc/nios2-elf/5.3.0/../../../../../H-x86_64-mingw32/nios2-elf/lib/mno-hw-mul\libsmallc.a(lib_a-int_errno.o)
                0x0000000000000794                errno
 *(.sbss2 .sbss2.* .gnu.linkonce.sb2.*)
 *(.scommon)
                [!provide]                        PROVIDE (__sbss_end, ABSOLUTE (.))
                [!provide]                        PROVIDE (___sbss_end, ABSOLUTE (.))
 *(.dynbss)
 *(.bss .bss.* .gnu.linkonce.b.*)
 .bss           0x0000000000000798        0x0 ../ambi_hello_small_bsp//obj/HAL/src/crt0.o
 .bss           0x0000000000000798        0x0 obj/default/hello_world_small.o
 .bss           0x0000000000000798        0x0 ../ambi_hello_small_bsp/\libhal_bsp.a(alt_load.o)
 .bss           0x0000000000000798        0x0 ../ambi_hello_small_bsp/\libhal_bsp.a(alt_main.o)
 .bss           0x0000000000000798        0x0 ../ambi_hello_small_bsp/\libhal_bsp.a(alt_sys_init.o)
 .bss           0x0000000000000798        0x0 ../ambi_hello_small_bsp/\libhal_bsp.a(alt_dcache_flush_all.o)
 .bss           0x0000000000000798        0x0 ../ambi_hello_small_bsp/\libhal_bsp.a(alt_dev.o)
 .bss           0x0000000000000798        0x0 ../ambi_hello_small_bsp/\libhal_bsp.a(alt_dev_llist_insert.o)
 .bss           0x0000000000000798        0x0 ../ambi_hello_small_bsp/\libhal_bsp.a(alt_errno.o)
 .bss           0x0000000000000798        0x0 ../ambi_hello_small_bsp/\libhal_bsp.a(alt_icache_flush_all.o)
 .bss           0x0000000000000798        0x0 ../ambi_hello_small_bsp/\libhal_bsp.a(altera_nios2_gen2_irq.o)
 .bss           0x0000000000000798        0x0 c:/intelfpga_lite/16.1/nios2eds/bin/gnu/h-x86_64-mingw32/bin/../lib/gcc/nios2-elf/5.3.0/../../../../../H-x86_64-mingw32/nios2-elf/lib/mno-hw-mul\libsmallc.a(lib_a-int_errno.o)
 .bss           0x0000000000000798        0x0 c:/intelfpga_lite/16.1/nios2eds/bin/gnu/h-x86_64-mingw32/bin/../lib/gcc/nios2-elf/5.3.0/mno-hw-mul\libgcc.a(lib2-mul.o)
 *(COMMON)
                0x0000000000000798                . = ALIGN (0x4)
                0x0000000000000798                __bss_end = ABSOLUTE (.)

.SDRAM          0x0000000000000798        0x0
                [!provide]                        PROVIDE (_alt_partition_SDRAM_start, ABSOLUTE (.))
 *(.SDRAM .SDRAM. SDRAM.*)
                0x0000000000000798                . = ALIGN (0x4)
                [!provide]                        PROVIDE (_alt_partition_SDRAM_end, ABSOLUTE (.))
                0x0000000000000798                _end = ABSOLUTE (.)
                0x0000000000000798                end = ABSOLUTE (.)
                0x0000000000000798                __alt_stack_base = ABSOLUTE (.)
                [!provide]                        PROVIDE (_alt_partition_SDRAM_load_addr, LOADADDR (.SDRAM))

.stab
 *(.stab)

.stabstr
 *(.stabstr)

.stab.excl
 *(.stab.excl)

.stab.exclstr
 *(.stab.exclstr)

.stab.index
 *(.stab.index)

.stab.indexstr
 *(.stab.indexstr)

.comment        0x0000000000000000       0x23
 *(.comment)
 .comment       0x0000000000000000       0x23 obj/default/hello_world_small.o
                                         0x24 (size before relaxing)
 .comment       0x0000000000000023       0x24 ../ambi_hello_small_bsp/\libhal_bsp.a(alt_load.o)
 .comment       0x0000000000000023       0x24 ../ambi_hello_small_bsp/\libhal_bsp.a(alt_main.o)
 .comment       0x0000000000000023       0x24 ../ambi_hello_small_bsp/\libhal_bsp.a(alt_sys_init.o)
 .comment       0x0000000000000023       0x24 ../ambi_hello_small_bsp/\libhal_bsp.a(alt_dcache_flush_all.o)
 .comment       0x0000000000000023       0x24 ../ambi_hello_small_bsp/\libhal_bsp.a(alt_dev.o)
 .comment       0x0000000000000023       0x24 ../ambi_hello_small_bsp/\libhal_bsp.a(alt_dev_llist_insert.o)
 .comment       0x0000000000000023       0x24 ../ambi_hello_small_bsp/\libhal_bsp.a(alt_errno.o)
 .comment       0x0000000000000023       0x24 ../ambi_hello_small_bsp/\libhal_bsp.a(alt_icache_flush_all.o)
 .comment       0x0000000000000023       0x24 ../ambi_hello_small_bsp/\libhal_bsp.a(altera_nios2_gen2_irq.o)
 .comment       0x0000000000000023       0x24 c:/intelfpga_lite/16.1/nios2eds/bin/gnu/h-x86_64-mingw32/bin/../lib/gcc/nios2-elf/5.3.0/../../../../../H-x86_64-mingw32/nios2-elf/lib/mno-hw-mul\libsmallc.a(lib_a-int_errno.o)
 .comment       0x0000000000000023       0x24 c:/intelfpga_lite/16.1/nios2eds/bin/gnu/h-x86_64-mingw32/bin/../lib/gcc/nios2-elf/5.3.0/mno-hw-mul\libgcc.a(lib2-mul.o)

.debug
 *(.debug)

.line
 *(.line)

.debug_srcinfo
 *(.debug_srcinfo)

.debug_sfnames
 *(.debug_sfnames)

.debug_aranges  0x0000000000000000      0x1a0
 *(.debug_aranges)
 .debug_aranges
                0x0000000000000000       0x28 ../ambi_hello_small_bsp//obj/HAL/src/crt0.o
 .debug_aranges
                0x0000000000000028       0x28 obj/default/hello_world_small.o
 .debug_aranges
                0x0000000000000050       0x20 ../ambi_hello_small_bsp/\libhal_bsp.a(alt_load.o)
 .debug_aranges
                0x0000000000000070       0x20 ../ambi_hello_small_bsp/\libhal_bsp.a(alt_main.o)
 .debug_aranges
                0x0000000000000090       0x20 ../ambi_hello_small_bsp/\libhal_bsp.a(alt_sys_init.o)
 .debug_aranges
                0x00000000000000b0       0x20 ../ambi_hello_small_bsp/\libhal_bsp.a(alt_dcache_flush_all.o)
 .debug_aranges
                0x00000000000000d0       0x20 ../ambi_hello_small_bsp/\libhal_bsp.a(alt_dev.o)
 .debug_aranges
                0x00000000000000f0       0x20 ../ambi_hello_small_bsp/\libhal_bsp.a(alt_dev_llist_insert.o)
 .debug_aranges
                0x0000000000000110       0x18 ../ambi_hello_small_bsp/\libhal_bsp.a(alt_errno.o)
 .debug_aranges
                0x0000000000000128       0x20 ../ambi_hello_small_bsp/\libhal_bsp.a(alt_icache_flush_all.o)
 .debug_aranges
                0x0000000000000148       0x20 ../ambi_hello_small_bsp/\libhal_bsp.a(altera_nios2_gen2_irq.o)
 .debug_aranges
                0x0000000000000168       0x18 c:/intelfpga_lite/16.1/nios2eds/bin/gnu/h-x86_64-mingw32/bin/../lib/gcc/nios2-elf/5.3.0/../../../../../H-x86_64-mingw32/nios2-elf/lib/mno-hw-mul\libsmallc.a(lib_a-int_errno.o)
 .debug_aranges
                0x0000000000000180       0x20 c:/intelfpga_lite/16.1/nios2eds/bin/gnu/h-x86_64-mingw32/bin/../lib/gcc/nios2-elf/5.3.0/mno-hw-mul\libgcc.a(lib2-mul.o)

.debug_pubnames
 *(.debug_pubnames)

.debug_info     0x0000000000000000     0x14f7
 *(.debug_info .gnu.linkonce.wi.*)
 .debug_info    0x0000000000000000       0x6e ../ambi_hello_small_bsp//obj/HAL/src/crt0.o
 .debug_info    0x000000000000006e      0x19b obj/default/hello_world_small.o
 .debug_info    0x0000000000000209      0x1c9 ../ambi_hello_small_bsp/\libhal_bsp.a(alt_load.o)
 .debug_info    0x00000000000003d2      0x169 ../ambi_hello_small_bsp/\libhal_bsp.a(alt_main.o)
 .debug_info    0x000000000000053b      0x5d6 ../ambi_hello_small_bsp/\libhal_bsp.a(alt_sys_init.o)
 .debug_info    0x0000000000000b11       0x92 ../ambi_hello_small_bsp/\libhal_bsp.a(alt_dcache_flush_all.o)
 .debug_info    0x0000000000000ba3      0x499 ../ambi_hello_small_bsp/\libhal_bsp.a(alt_dev.o)
 .debug_info    0x000000000000103c      0x1b3 ../ambi_hello_small_bsp/\libhal_bsp.a(alt_dev_llist_insert.o)
 .debug_info    0x00000000000011ef       0xa6 ../ambi_hello_small_bsp/\libhal_bsp.a(alt_errno.o)
 .debug_info    0x0000000000001295       0x92 ../ambi_hello_small_bsp/\libhal_bsp.a(alt_icache_flush_all.o)
 .debug_info    0x0000000000001327       0x92 ../ambi_hello_small_bsp/\libhal_bsp.a(altera_nios2_gen2_irq.o)
 .debug_info    0x00000000000013b9       0x8a c:/intelfpga_lite/16.1/nios2eds/bin/gnu/h-x86_64-mingw32/bin/../lib/gcc/nios2-elf/5.3.0/../../../../../H-x86_64-mingw32/nios2-elf/lib/mno-hw-mul\libsmallc.a(lib_a-int_errno.o)
 .debug_info    0x0000000000001443       0xb4 c:/intelfpga_lite/16.1/nios2eds/bin/gnu/h-x86_64-mingw32/bin/../lib/gcc/nios2-elf/5.3.0/mno-hw-mul\libgcc.a(lib2-mul.o)

.debug_abbrev   0x0000000000000000      0x8b2
 *(.debug_abbrev)
 .debug_abbrev  0x0000000000000000       0x12 ../ambi_hello_small_bsp//obj/HAL/src/crt0.o
 .debug_abbrev  0x0000000000000012      0x114 obj/default/hello_world_small.o
 .debug_abbrev  0x0000000000000126       0xd8 ../ambi_hello_small_bsp/\libhal_bsp.a(alt_load.o)
 .debug_abbrev  0x00000000000001fe       0xee ../ambi_hello_small_bsp/\libhal_bsp.a(alt_main.o)
 .debug_abbrev  0x00000000000002ec      0x20b ../ambi_hello_small_bsp/\libhal_bsp.a(alt_sys_init.o)
 .debug_abbrev  0x00000000000004f7       0x42 ../ambi_hello_small_bsp/\libhal_bsp.a(alt_dcache_flush_all.o)
 .debug_abbrev  0x0000000000000539       0xd9 ../ambi_hello_small_bsp/\libhal_bsp.a(alt_dev.o)
 .debug_abbrev  0x0000000000000612      0x11c ../ambi_hello_small_bsp/\libhal_bsp.a(alt_dev_llist_insert.o)
 .debug_abbrev  0x000000000000072e       0x5a ../ambi_hello_small_bsp/\libhal_bsp.a(alt_errno.o)
 .debug_abbrev  0x0000000000000788       0x42 ../ambi_hello_small_bsp/\libhal_bsp.a(alt_icache_flush_all.o)
 .debug_abbrev  0x00000000000007ca       0x42 ../ambi_hello_small_bsp/\libhal_bsp.a(altera_nios2_gen2_irq.o)
 .debug_abbrev  0x000000000000080c       0x37 c:/intelfpga_lite/16.1/nios2eds/bin/gnu/h-x86_64-mingw32/bin/../lib/gcc/nios2-elf/5.3.0/../../../../../H-x86_64-mingw32/nios2-elf/lib/mno-hw-mul\libsmallc.a(lib_a-int_errno.o)
 .debug_abbrev  0x0000000000000843       0x6f c:/intelfpga_lite/16.1/nios2eds/bin/gnu/h-x86_64-mingw32/bin/../lib/gcc/nios2-elf/5.3.0/mno-hw-mul\libgcc.a(lib2-mul.o)

.debug_line     0x0000000000000000      0x878
 *(.debug_line)
 .debug_line    0x0000000000000000       0x66 ../ambi_hello_small_bsp//obj/HAL/src/crt0.o
 .debug_line    0x0000000000000066       0xd2 obj/default/hello_world_small.o
 .debug_line    0x0000000000000138       0xa4 ../ambi_hello_small_bsp/\libhal_bsp.a(alt_load.o)
 .debug_line    0x00000000000001dc       0xbd ../ambi_hello_small_bsp/\libhal_bsp.a(alt_main.o)
 .debug_line    0x0000000000000299      0x1f5 ../ambi_hello_small_bsp/\libhal_bsp.a(alt_sys_init.o)
 .debug_line    0x000000000000048e       0x4e ../ambi_hello_small_bsp/\libhal_bsp.a(alt_dcache_flush_all.o)
 .debug_line    0x00000000000004dc       0xf6 ../ambi_hello_small_bsp/\libhal_bsp.a(alt_dev.o)
 .debug_line    0x00000000000005d2       0xd8 ../ambi_hello_small_bsp/\libhal_bsp.a(alt_dev_llist_insert.o)
 .debug_line    0x00000000000006aa       0x51 ../ambi_hello_small_bsp/\libhal_bsp.a(alt_errno.o)
 .debug_line    0x00000000000006fb       0x4e ../ambi_hello_small_bsp/\libhal_bsp.a(alt_icache_flush_all.o)
 .debug_line    0x0000000000000749       0x50 ../ambi_hello_small_bsp/\libhal_bsp.a(altera_nios2_gen2_irq.o)
 .debug_line    0x0000000000000799       0x5f c:/intelfpga_lite/16.1/nios2eds/bin/gnu/h-x86_64-mingw32/bin/../lib/gcc/nios2-elf/5.3.0/../../../../../H-x86_64-mingw32/nios2-elf/lib/mno-hw-mul\libsmallc.a(lib_a-int_errno.o)
 .debug_line    0x00000000000007f8       0x80 c:/intelfpga_lite/16.1/nios2eds/bin/gnu/h-x86_64-mingw32/bin/../lib/gcc/nios2-elf/5.3.0/mno-hw-mul\libgcc.a(lib2-mul.o)

.debug_frame    0x0000000000000000      0x1cc
 *(.debug_frame)
 .debug_frame   0x0000000000000000       0x50 obj/default/hello_world_small.o
 .debug_frame   0x0000000000000050       0x30 ../ambi_hello_small_bsp/\libhal_bsp.a(alt_load.o)
 .debug_frame   0x0000000000000080       0x2c ../ambi_hello_small_bsp/\libhal_bsp.a(alt_main.o)
 .debug_frame   0x00000000000000ac       0x54 ../ambi_hello_small_bsp/\libhal_bsp.a(alt_sys_init.o)
 .debug_frame   0x0000000000000100       0x20 ../ambi_hello_small_bsp/\libhal_bsp.a(alt_dcache_flush_all.o)
 .debug_frame   0x0000000000000120       0x20 ../ambi_hello_small_bsp/\libhal_bsp.a(alt_dev.o)
 .debug_frame   0x0000000000000140       0x2c ../ambi_hello_small_bsp/\libhal_bsp.a(alt_dev_llist_insert.o)
 .debug_frame   0x000000000000016c       0x20 ../ambi_hello_small_bsp/\libhal_bsp.a(alt_icache_flush_all.o)
 .debug_frame   0x000000000000018c       0x20 ../ambi_hello_small_bsp/\libhal_bsp.a(altera_nios2_gen2_irq.o)
 .debug_frame   0x00000000000001ac       0x20 c:/intelfpga_lite/16.1/nios2eds/bin/gnu/h-x86_64-mingw32/bin/../lib/gcc/nios2-elf/5.3.0/mno-hw-mul\libgcc.a(lib2-mul.o)

.debug_str      0x0000000000000000      0xa98
 *(.debug_str)
 .debug_str     0x0000000000000000      0x128 obj/default/hello_world_small.o
                                        0x166 (size before relaxing)
 .debug_str     0x0000000000000128      0x14d ../ambi_hello_small_bsp/\libhal_bsp.a(alt_load.o)
                                        0x23c (size before relaxing)
 .debug_str     0x0000000000000275       0x8f ../ambi_hello_small_bsp/\libhal_bsp.a(alt_main.o)
                                        0x1b5 (size before relaxing)
 .debug_str     0x0000000000000304      0x32c ../ambi_hello_small_bsp/\libhal_bsp.a(alt_sys_init.o)
                                        0x4d7 (size before relaxing)
 .debug_str     0x0000000000000630       0x1f ../ambi_hello_small_bsp/\libhal_bsp.a(alt_dcache_flush_all.o)
                                        0x155 (size before relaxing)
 .debug_str     0x000000000000064f      0x12c ../ambi_hello_small_bsp/\libhal_bsp.a(alt_dev.o)
                                        0x305 (size before relaxing)
 .debug_str     0x000000000000077b       0x4e ../ambi_hello_small_bsp/\libhal_bsp.a(alt_dev_llist_insert.o)
                                        0x1cc (size before relaxing)
 .debug_str     0x00000000000007c9       0x14 ../ambi_hello_small_bsp/\libhal_bsp.a(alt_errno.o)
                                        0x145 (size before relaxing)
 .debug_str     0x00000000000007dd       0x1f ../ambi_hello_small_bsp/\libhal_bsp.a(alt_icache_flush_all.o)
                                        0x155 (size before relaxing)
 .debug_str     0x00000000000007fc       0x20 ../ambi_hello_small_bsp/\libhal_bsp.a(altera_nios2_gen2_irq.o)
                                        0x15c (size before relaxing)
 .debug_str     0x000000000000081c      0x134 c:/intelfpga_lite/16.1/nios2eds/bin/gnu/h-x86_64-mingw32/bin/../lib/gcc/nios2-elf/5.3.0/../../../../../H-x86_64-mingw32/nios2-elf/lib/mno-hw-mul\libsmallc.a(lib_a-int_errno.o)
                                        0x1d8 (size before relaxing)
 .debug_str     0x0000000000000950      0x148 c:/intelfpga_lite/16.1/nios2eds/bin/gnu/h-x86_64-mingw32/bin/../lib/gcc/nios2-elf/5.3.0/mno-hw-mul\libgcc.a(lib2-mul.o)
                                        0x193 (size before relaxing)

.debug_loc      0x0000000000000000      0x2a3
 *(.debug_loc)
 .debug_loc     0x0000000000000000      0x10a obj/default/hello_world_small.o
 .debug_loc     0x000000000000010a       0x88 ../ambi_hello_small_bsp/\libhal_bsp.a(alt_sys_init.o)
 .debug_loc     0x0000000000000192       0x7e ../ambi_hello_small_bsp/\libhal_bsp.a(alt_dev_llist_insert.o)
 .debug_loc     0x0000000000000210       0x93 c:/intelfpga_lite/16.1/nios2eds/bin/gnu/h-x86_64-mingw32/bin/../lib/gcc/nios2-elf/5.3.0/mno-hw-mul\libgcc.a(lib2-mul.o)

.debug_macinfo
 *(.debug_macinfo)

.debug_weaknames
 *(.debug_weaknames)

.debug_funcnames
 *(.debug_funcnames)

.debug_typenames
 *(.debug_typenames)

.debug_varnames
 *(.debug_varnames)

.debug_alt_sim_info
                0x0000000000000000       0x10
 *(.debug_alt_sim_info)
 .debug_alt_sim_info
                0x0000000000000000       0x10 ../ambi_hello_small_bsp//obj/HAL/src/crt0.o
                0x0000000008000000                __alt_data_end = 0x8000000
                0x0000000008000000                PROVIDE (__alt_stack_pointer, __alt_data_end)
                [!provide]                        PROVIDE (__alt_stack_limit, __alt_stack_base)
                [!provide]                        PROVIDE (__alt_heap_start, end)
                [!provide]                        PROVIDE (__alt_heap_limit, 0x8000000)
OUTPUT(ambi_hello_small.elf elf32-littlenios2)

.debug_ranges   0x0000000000000000      0x100
 .debug_ranges  0x0000000000000000       0x20 ../ambi_hello_small_bsp//obj/HAL/src/crt0.o
 .debug_ranges  0x0000000000000020       0x18 obj/default/hello_world_small.o
 .debug_ranges  0x0000000000000038       0x48 ../ambi_hello_small_bsp/\libhal_bsp.a(alt_load.o)
 .debug_ranges  0x0000000000000080       0x60 ../ambi_hello_small_bsp/\libhal_bsp.a(alt_sys_init.o)
 .debug_ranges  0x00000000000000e0       0x20 ../ambi_hello_small_bsp/\libhal_bsp.a(alt_dev_llist_insert.o)
