Archive member included to satisfy reference by file (symbol)

../ambi_hello_small_bsp/\libhal_bsp.a(alt_load.o)
                              ../ambi_hello_small_bsp//obj/HAL/src/crt0.o (alt_load)
../ambi_hello_small_bsp/\libhal_bsp.a(alt_main.o)
                              ../ambi_hello_small_bsp//obj/HAL/src/crt0.o (alt_main)
../ambi_hello_small_bsp/\libhal_bsp.a(alt_putstr.o)
                              obj/default/hello_world_small.o (alt_putstr)
../ambi_hello_small_bsp/\libhal_bsp.a(alt_sys_init.o)
                              ../ambi_hello_small_bsp/\libhal_bsp.a(alt_main.o) (alt_irq_init)
../ambi_hello_small_bsp/\libhal_bsp.a(altera_avalon_jtag_uart_write.o)
                              ../ambi_hello_small_bsp/\libhal_bsp.a(alt_putstr.o) (altera_avalon_jtag_uart_write)
../ambi_hello_small_bsp/\libhal_bsp.a(alt_dcache_flush_all.o)
                              ../ambi_hello_small_bsp/\libhal_bsp.a(alt_load.o) (alt_dcache_flush_all)
../ambi_hello_small_bsp/\libhal_bsp.a(alt_icache_flush_all.o)
                              ../ambi_hello_small_bsp/\libhal_bsp.a(alt_load.o) (alt_icache_flush_all)
../ambi_hello_small_bsp/\libhal_bsp.a(altera_nios2_gen2_irq.o)
                              ../ambi_hello_small_bsp/\libhal_bsp.a(alt_sys_init.o) (altera_nios2_gen2_irq_init)
c:/intelfpga_lite/16.1/nios2eds/bin/gnu/h-x86_64-mingw32/bin/../lib/gcc/nios2-elf/5.3.0/../../../../../H-x86_64-mingw32/nios2-elf/lib/mno-hw-mul\libsmallc.a(lib_a-strlen.o)
                              ../ambi_hello_small_bsp/\libhal_bsp.a(alt_putstr.o) (strlen)

Memory Configuration

Name             Origin             Length             Attributes
reset            0x0000000000000000 0x0000000000000020
SDRAM            0x0000000000000020 0x0000000007ffffe0
*default*        0x0000000000000000 0xffffffffffffffff

Linker script and memory map

LOAD ../ambi_hello_small_bsp//obj/HAL/src/crt0.o
LOAD obj/default/hello_world_small.o
LOAD c:/intelfpga_lite/16.1/nios2eds/bin/gnu/h-x86_64-mingw32/bin/../lib/gcc/nios2-elf/5.3.0/../../../../../H-x86_64-mingw32/nios2-elf/lib/mno-hw-mul\libstdc++.a
LOAD c:/intelfpga_lite/16.1/nios2eds/bin/gnu/h-x86_64-mingw32/bin/../lib/gcc/nios2-elf/5.3.0/../../../../../H-x86_64-mingw32/nios2-elf/lib/mno-hw-mul\libm.a
LOAD c:/intelfpga_lite/16.1/nios2eds/bin/gnu/h-x86_64-mingw32/bin/../lib/gcc/nios2-elf/5.3.0/mno-hw-mul\libgcc.a
START GROUP
LOAD c:/intelfpga_lite/16.1/nios2eds/bin/gnu/h-x86_64-mingw32/bin/../lib/gcc/nios2-elf/5.3.0/../../../../../H-x86_64-mingw32/nios2-elf/lib/mno-hw-mul\libsmallc.a
LOAD c:/intelfpga_lite/16.1/nios2eds/bin/gnu/h-x86_64-mingw32/bin/../lib/gcc/nios2-elf/5.3.0/mno-hw-mul\libgcc.a
LOAD ../ambi_hello_small_bsp/\libhal_bsp.a
LOAD c:/intelfpga_lite/16.1/nios2eds/bin/gnu/h-x86_64-mingw32/bin/../lib/gcc/nios2-elf/5.3.0/../../../../../H-x86_64-mingw32/nios2-elf/lib/mno-hw-mul\libm.a
END GROUP
LOAD c:/intelfpga_lite/16.1/nios2eds/bin/gnu/h-x86_64-mingw32/bin/../lib/gcc/nios2-elf/5.3.0/mno-hw-mul\libgcc.a
                0x0000000000000000                __alt_mem_SDRAM = 0x0

.entry          0x0000000000000000       0x20
 *(.entry)
 .entry         0x0000000000000000       0x20 ../ambi_hello_small_bsp//obj/HAL/src/crt0.o
                0x0000000000000000                __reset
                0x000000000000000c                _exit

.exceptions     0x0000000000000020        0x0
                0x0000000000000020                PROVIDE (__ram_exceptions_start, ABSOLUTE (.))
                0x0000000000000020                . = ALIGN (0x20)
 *(.irq)
 *(.exceptions.entry.label)
 *(.exceptions.entry.user)
 *(.exceptions.entry.ecc_fatal)
 *(.exceptions.entry)
 *(.exceptions.irqtest.user)
 *(.exceptions.irqtest)
 *(.exceptions.irqhandler.user)
 *(.exceptions.irqhandler)
 *(.exceptions.irqreturn.user)
 *(.exceptions.irqreturn)
 *(.exceptions.notirq.label)
 *(.exceptions.notirq.user)
 *(.exceptions.notirq)
 *(.exceptions.soft.user)
 *(.exceptions.soft)
 *(.exceptions.unknown.user)
 *(.exceptions.unknown)
 *(.exceptions.exit.label)
 *(.exceptions.exit.user)
 *(.exceptions.exit)
 *(.exceptions)
                0x0000000000000020                PROVIDE (__ram_exceptions_end, ABSOLUTE (.))
                0x0000000000000020                PROVIDE (__flash_exceptions_start, LOADADDR (.exceptions))

.text           0x0000000000000020      0x388
                [!provide]                        PROVIDE (stext, ABSOLUTE (.))
 *(.interp)
 *(.hash)
 *(.dynsym)
 *(.dynstr)
 *(.gnu.version)
 *(.gnu.version_d)
 *(.gnu.version_r)
 *(.rel.init)
 *(.rela.init)
 *(.rel.text .rel.text.* .rel.gnu.linkonce.t.*)
 *(.rela.text .rela.text.* .rela.gnu.linkonce.t.*)
 *(.rel.fini)
 *(.rela.fini)
 *(.rel.rodata .rel.rodata.* .rel.gnu.linkonce.r.*)
 *(.rela.rodata .rela.rodata.* .rela.gnu.linkonce.r.*)
 *(.rel.data .rel.data.* .rel.gnu.linkonce.d.*)
 *(.rela.data .rela.data.* .rela.gnu.linkonce.d.*)
 *(.rel.tdata .rel.tdata.* .rel.gnu.linkonce.td.*)
 *(.rela.tdata .rela.tdata.* .rela.gnu.linkonce.td.*)
 *(.rel.tbss .rel.tbss.* .rel.gnu.linkonce.tb.*)
 *(.rela.tbss .rela.tbss.* .rela.gnu.linkonce.tb.*)
 *(.rel.ctors)
 *(.rela.ctors)
 *(.rel.dtors)
 *(.rela.dtors)
 *(.rel.got)
 *(.rela.got)
 *(.rel.sdata .rel.sdata.* .rel.gnu.linkonce.s.*)
 *(.rela.sdata .rela.sdata.* .rela.gnu.linkonce.s.*)
 *(.rel.sbss .rel.sbss.* .rel.gnu.linkonce.sb.*)
 *(.rela.sbss .rela.sbss.* .rela.gnu.linkonce.sb.*)
 *(.rel.sdata2 .rel.sdata2.* .rel.gnu.linkonce.s2.*)
 *(.rela.sdata2 .rela.sdata2.* .rela.gnu.linkonce.s2.*)
 *(.rel.sbss2 .rel.sbss2.* .rel.gnu.linkonce.sb2.*)
 *(.rela.sbss2 .rela.sbss2.* .rela.gnu.linkonce.sb2.*)
 *(.rel.bss .rel.bss.* .rel.gnu.linkonce.b.*)
 *(.rela.bss .rela.bss.* .rela.gnu.linkonce.b.*)
 *(.rel.plt)
 *(.rela.plt)
 *(.rel.dyn)
 *(.init)
 *(.plt)
 *(.text .stub .text.* .gnu.linkonce.t.*)
 .text          0x0000000000000020       0x3c ../ambi_hello_small_bsp//obj/HAL/src/crt0.o
                0x0000000000000020                _start
 .text          0x000000000000005c       0x74 obj/default/hello_world_small.o
                0x000000000000005c                showLeds
                0x0000000000000098                color
 .text.startup  0x00000000000000d0      0x110 obj/default/hello_world_small.o
                0x00000000000000d0                main
 .text          0x00000000000001e0       0xe0 ../ambi_hello_small_bsp/\libhal_bsp.a(alt_load.o)
                0x00000000000001e0                alt_load
 .text          0x00000000000002c0       0x2c ../ambi_hello_small_bsp/\libhal_bsp.a(alt_main.o)
                0x00000000000002c0                alt_main
 .text          0x00000000000002ec       0x38 ../ambi_hello_small_bsp/\libhal_bsp.a(alt_putstr.o)
                0x00000000000002ec                alt_putstr
 .text          0x0000000000000324       0x24 ../ambi_hello_small_bsp/\libhal_bsp.a(alt_sys_init.o)
                0x0000000000000324                alt_irq_init
                0x0000000000000344                alt_sys_init
 .text          0x0000000000000348       0x34 ../ambi_hello_small_bsp/\libhal_bsp.a(altera_avalon_jtag_uart_write.o)
                0x0000000000000348                altera_avalon_jtag_uart_write
 .text          0x000000000000037c        0x4 ../ambi_hello_small_bsp/\libhal_bsp.a(alt_dcache_flush_all.o)
                0x000000000000037c                alt_dcache_flush_all
 .text          0x0000000000000380        0x4 ../ambi_hello_small_bsp/\libhal_bsp.a(alt_icache_flush_all.o)
                0x0000000000000380                alt_icache_flush_all
 .text          0x0000000000000384        0x8 ../ambi_hello_small_bsp/\libhal_bsp.a(altera_nios2_gen2_irq.o)
                0x0000000000000384                altera_nios2_gen2_irq_init
 .text          0x000000000000038c        0x0 c:/intelfpga_lite/16.1/nios2eds/bin/gnu/h-x86_64-mingw32/bin/../lib/gcc/nios2-elf/5.3.0/../../../../../H-x86_64-mingw32/nios2-elf/lib/mno-hw-mul\libsmallc.a(lib_a-strlen.o)
 .text.strlen   0x000000000000038c       0x1c c:/intelfpga_lite/16.1/nios2eds/bin/gnu/h-x86_64-mingw32/bin/../lib/gcc/nios2-elf/5.3.0/../../../../../H-x86_64-mingw32/nios2-elf/lib/mno-hw-mul\libsmallc.a(lib_a-strlen.o)
                0x000000000000038c                strlen
 *(.gnu.warning.*)
 *(.fini)
                [!provide]                        PROVIDE (__etext, ABSOLUTE (.))
                [!provide]                        PROVIDE (_etext, ABSOLUTE (.))
                [!provide]                        PROVIDE (etext, ABSOLUTE (.))
 *(.eh_frame_hdr)
                0x00000000000003a8                . = ALIGN (0x4)
                [!provide]                        PROVIDE (__preinit_array_start, ABSOLUTE (.))
 *(.preinit_array)
                [!provide]                        PROVIDE (__preinit_array_end, ABSOLUTE (.))
                [!provide]                        PROVIDE (__init_array_start, ABSOLUTE (.))
 *(.init_array)
                [!provide]                        PROVIDE (__init_array_end, ABSOLUTE (.))
                [!provide]                        PROVIDE (__fini_array_start, ABSOLUTE (.))
 *(.fini_array)
                [!provide]                        PROVIDE (__fini_array_end, ABSOLUTE (.))
 *(.eh_frame)
 *(.gcc_except_table .gcc_except_table.*)
 *(.dynamic)
                [!provide]                        PROVIDE (__CTOR_LIST__, ABSOLUTE (.))
 *(.ctors)
 *(SORT(.ctors.*))
                [!provide]                        PROVIDE (__CTOR_END__, ABSOLUTE (.))
                [!provide]                        PROVIDE (__DTOR_LIST__, ABSOLUTE (.))
 *(.dtors)
 *(SORT(.dtors.*))
                [!provide]                        PROVIDE (__DTOR_END__, ABSOLUTE (.))
 *(.jcr)
                0x00000000000003a8                . = ALIGN (0x4)

.rodata         0x00000000000003a8       0x10
                0x00000000000003a8                PROVIDE (__ram_rodata_start, ABSOLUTE (.))
                0x00000000000003a8                . = ALIGN (0x4)
 *(.rodata .rodata.* .gnu.linkonce.r.*)
 .rodata.str1.4
                0x00000000000003a8       0x10 obj/default/hello_world_small.o
 *(.rodata1)
                0x00000000000003b8                . = ALIGN (0x4)
                0x00000000000003b8                PROVIDE (__ram_rodata_end, ABSOLUTE (.))
                0x00000000000003a8                PROVIDE (__flash_rodata_start, LOADADDR (.rodata))

.rwdata         0x00000000000003b8        0x4 load address 0x00000000000003bc
                0x00000000000003b8                PROVIDE (__ram_rwdata_start, ABSOLUTE (.))
                0x00000000000003b8                . = ALIGN (0x4)
 *(.got.plt)
 *(.got)
 *(.data1)
 *(.data .data.* .gnu.linkonce.d.*)
 .data          0x00000000000003b8        0x0 ../ambi_hello_small_bsp//obj/HAL/src/crt0.o
 .data          0x00000000000003b8        0x0 obj/default/hello_world_small.o
 .data          0x00000000000003b8        0x0 ../ambi_hello_small_bsp/\libhal_bsp.a(alt_load.o)
 .data          0x00000000000003b8        0x0 ../ambi_hello_small_bsp/\libhal_bsp.a(alt_main.o)
 .data          0x00000000000003b8        0x0 ../ambi_hello_small_bsp/\libhal_bsp.a(alt_putstr.o)
 .data          0x00000000000003b8        0x0 ../ambi_hello_small_bsp/\libhal_bsp.a(alt_sys_init.o)
 .data          0x00000000000003b8        0x0 ../ambi_hello_small_bsp/\libhal_bsp.a(altera_avalon_jtag_uart_write.o)
 .data          0x00000000000003b8        0x0 ../ambi_hello_small_bsp/\libhal_bsp.a(alt_dcache_flush_all.o)
 .data          0x00000000000003b8        0x0 ../ambi_hello_small_bsp/\libhal_bsp.a(alt_icache_flush_all.o)
 .data          0x00000000000003b8        0x0 ../ambi_hello_small_bsp/\libhal_bsp.a(altera_nios2_gen2_irq.o)
 .data          0x00000000000003b8        0x0 c:/intelfpga_lite/16.1/nios2eds/bin/gnu/h-x86_64-mingw32/bin/../lib/gcc/nios2-elf/5.3.0/../../../../../H-x86_64-mingw32/nios2-elf/lib/mno-hw-mul\libsmallc.a(lib_a-strlen.o)
                0x00000000000083b8                _gp = ABSOLUTE ((. + 0x8000))
                [!provide]                        PROVIDE (gp, _gp)
 *(.rwdata .rwdata.*)
 *(.sdata .sdata.* .gnu.linkonce.s.*)
 .sdata         0x00000000000003b8        0x4 ../ambi_hello_small_bsp/\libhal_bsp.a(alt_sys_init.o)
                0x00000000000003b8                JTAG_UART
 *(.sdata2 .sdata2.* .gnu.linkonce.s2.*)
                0x00000000000003bc                . = ALIGN (0x4)
                0x00000000000003bc                _edata = ABSOLUTE (.)
                [!provide]                        PROVIDE (edata, ABSOLUTE (.))
                0x00000000000003bc                PROVIDE (__ram_rwdata_end, ABSOLUTE (.))
                0x00000000000003bc                PROVIDE (__flash_rwdata_start, LOADADDR (.rwdata))

.bss            0x00000000000003c0        0xc
                0x00000000000003c0                __bss_start = ABSOLUTE (.)
                [!provide]                        PROVIDE (__sbss_start, ABSOLUTE (.))
                [!provide]                        PROVIDE (___sbss_start, ABSOLUTE (.))
 *(.dynsbss)
 *(.sbss .sbss.* .gnu.linkonce.sb.*)
 .sbss          0x00000000000003c0        0xc ../ambi_hello_small_bsp/\libhal_bsp.a(alt_main.o)
                0x00000000000003c0                alt_envp
                0x00000000000003c4                alt_argv
                0x00000000000003c8                alt_argc
 *(.sbss2 .sbss2.* .gnu.linkonce.sb2.*)
 *(.scommon)
                [!provide]                        PROVIDE (__sbss_end, ABSOLUTE (.))
                [!provide]                        PROVIDE (___sbss_end, ABSOLUTE (.))
 *(.dynbss)
 *(.bss .bss.* .gnu.linkonce.b.*)
 .bss           0x00000000000003cc        0x0 ../ambi_hello_small_bsp//obj/HAL/src/crt0.o
 .bss           0x00000000000003cc        0x0 obj/default/hello_world_small.o
 .bss           0x00000000000003cc        0x0 ../ambi_hello_small_bsp/\libhal_bsp.a(alt_load.o)
 .bss           0x00000000000003cc        0x0 ../ambi_hello_small_bsp/\libhal_bsp.a(alt_main.o)
 .bss           0x00000000000003cc        0x0 ../ambi_hello_small_bsp/\libhal_bsp.a(alt_putstr.o)
 .bss           0x00000000000003cc        0x0 ../ambi_hello_small_bsp/\libhal_bsp.a(alt_sys_init.o)
 .bss           0x00000000000003cc        0x0 ../ambi_hello_small_bsp/\libhal_bsp.a(altera_avalon_jtag_uart_write.o)
 .bss           0x00000000000003cc        0x0 ../ambi_hello_small_bsp/\libhal_bsp.a(alt_dcache_flush_all.o)
 .bss           0x00000000000003cc        0x0 ../ambi_hello_small_bsp/\libhal_bsp.a(alt_icache_flush_all.o)
 .bss           0x00000000000003cc        0x0 ../ambi_hello_small_bsp/\libhal_bsp.a(altera_nios2_gen2_irq.o)
 .bss           0x00000000000003cc        0x0 c:/intelfpga_lite/16.1/nios2eds/bin/gnu/h-x86_64-mingw32/bin/../lib/gcc/nios2-elf/5.3.0/../../../../../H-x86_64-mingw32/nios2-elf/lib/mno-hw-mul\libsmallc.a(lib_a-strlen.o)
 *(COMMON)
                0x00000000000003cc                . = ALIGN (0x4)
                0x00000000000003cc                __bss_end = ABSOLUTE (.)

.SDRAM          0x00000000000003cc        0x0
                [!provide]                        PROVIDE (_alt_partition_SDRAM_start, ABSOLUTE (.))
 *(.SDRAM .SDRAM. SDRAM.*)
                0x00000000000003cc                . = ALIGN (0x4)
                [!provide]                        PROVIDE (_alt_partition_SDRAM_end, ABSOLUTE (.))
                0x00000000000003cc                _end = ABSOLUTE (.)
                0x00000000000003cc                end = ABSOLUTE (.)
                0x00000000000003cc                __alt_stack_base = ABSOLUTE (.)
                [!provide]                        PROVIDE (_alt_partition_SDRAM_load_addr, LOADADDR (.SDRAM))

.stab
 *(.stab)

.stabstr
 *(.stabstr)

.stab.excl
 *(.stab.excl)

.stab.exclstr
 *(.stab.exclstr)

.stab.index
 *(.stab.index)

.stab.indexstr
 *(.stab.indexstr)

.comment        0x0000000000000000       0x23
 *(.comment)
 .comment       0x0000000000000000       0x23 obj/default/hello_world_small.o
                                         0x24 (size before relaxing)
 .comment       0x0000000000000023       0x24 ../ambi_hello_small_bsp/\libhal_bsp.a(alt_load.o)
 .comment       0x0000000000000023       0x24 ../ambi_hello_small_bsp/\libhal_bsp.a(alt_main.o)
 .comment       0x0000000000000023       0x24 ../ambi_hello_small_bsp/\libhal_bsp.a(alt_putstr.o)
 .comment       0x0000000000000023       0x24 ../ambi_hello_small_bsp/\libhal_bsp.a(alt_sys_init.o)
 .comment       0x0000000000000023       0x24 ../ambi_hello_small_bsp/\libhal_bsp.a(altera_avalon_jtag_uart_write.o)
 .comment       0x0000000000000023       0x24 ../ambi_hello_small_bsp/\libhal_bsp.a(alt_dcache_flush_all.o)
 .comment       0x0000000000000023       0x24 ../ambi_hello_small_bsp/\libhal_bsp.a(alt_icache_flush_all.o)
 .comment       0x0000000000000023       0x24 ../ambi_hello_small_bsp/\libhal_bsp.a(altera_nios2_gen2_irq.o)
 .comment       0x0000000000000023       0x24 c:/intelfpga_lite/16.1/nios2eds/bin/gnu/h-x86_64-mingw32/bin/../lib/gcc/nios2-elf/5.3.0/../../../../../H-x86_64-mingw32/nios2-elf/lib/mno-hw-mul\libsmallc.a(lib_a-strlen.o)

.debug
 *(.debug)

.line
 *(.line)

.debug_srcinfo
 *(.debug_srcinfo)

.debug_sfnames
 *(.debug_sfnames)

.debug_aranges  0x0000000000000000      0x170
 *(.debug_aranges)
 .debug_aranges
                0x0000000000000000       0x28 ../ambi_hello_small_bsp//obj/HAL/src/crt0.o
 .debug_aranges
                0x0000000000000028       0x28 obj/default/hello_world_small.o
 .debug_aranges
                0x0000000000000050       0x20 ../ambi_hello_small_bsp/\libhal_bsp.a(alt_load.o)
 .debug_aranges
                0x0000000000000070       0x20 ../ambi_hello_small_bsp/\libhal_bsp.a(alt_main.o)
 .debug_aranges
                0x0000000000000090       0x20 ../ambi_hello_small_bsp/\libhal_bsp.a(alt_putstr.o)
 .debug_aranges
                0x00000000000000b0       0x20 ../ambi_hello_small_bsp/\libhal_bsp.a(alt_sys_init.o)
 .debug_aranges
                0x00000000000000d0       0x20 ../ambi_hello_small_bsp/\libhal_bsp.a(altera_avalon_jtag_uart_write.o)
 .debug_aranges
                0x00000000000000f0       0x20 ../ambi_hello_small_bsp/\libhal_bsp.a(alt_dcache_flush_all.o)
 .debug_aranges
                0x0000000000000110       0x20 ../ambi_hello_small_bsp/\libhal_bsp.a(alt_icache_flush_all.o)
 .debug_aranges
                0x0000000000000130       0x20 ../ambi_hello_small_bsp/\libhal_bsp.a(altera_nios2_gen2_irq.o)
 .debug_aranges
                0x0000000000000150       0x20 c:/intelfpga_lite/16.1/nios2eds/bin/gnu/h-x86_64-mingw32/bin/../lib/gcc/nios2-elf/5.3.0/../../../../../H-x86_64-mingw32/nios2-elf/lib/mno-hw-mul\libsmallc.a(lib_a-strlen.o)

.debug_pubnames
 *(.debug_pubnames)

.debug_info     0x0000000000000000      0xc4a
 *(.debug_info .gnu.linkonce.wi.*)
 .debug_info    0x0000000000000000       0x6e ../ambi_hello_small_bsp//obj/HAL/src/crt0.o
 .debug_info    0x000000000000006e      0x1bd obj/default/hello_world_small.o
 .debug_info    0x000000000000022b      0x1c9 ../ambi_hello_small_bsp/\libhal_bsp.a(alt_load.o)
 .debug_info    0x00000000000003f4      0x169 ../ambi_hello_small_bsp/\libhal_bsp.a(alt_main.o)
 .debug_info    0x000000000000055d      0x13a ../ambi_hello_small_bsp/\libhal_bsp.a(alt_putstr.o)
 .debug_info    0x0000000000000697      0x19d ../ambi_hello_small_bsp/\libhal_bsp.a(alt_sys_init.o)
 .debug_info    0x0000000000000834      0x197 ../ambi_hello_small_bsp/\libhal_bsp.a(altera_avalon_jtag_uart_write.o)
 .debug_info    0x00000000000009cb       0x92 ../ambi_hello_small_bsp/\libhal_bsp.a(alt_dcache_flush_all.o)
 .debug_info    0x0000000000000a5d       0x92 ../ambi_hello_small_bsp/\libhal_bsp.a(alt_icache_flush_all.o)
 .debug_info    0x0000000000000aef       0x92 ../ambi_hello_small_bsp/\libhal_bsp.a(altera_nios2_gen2_irq.o)
 .debug_info    0x0000000000000b81       0xc9 c:/intelfpga_lite/16.1/nios2eds/bin/gnu/h-x86_64-mingw32/bin/../lib/gcc/nios2-elf/5.3.0/../../../../../H-x86_64-mingw32/nios2-elf/lib/mno-hw-mul\libsmallc.a(lib_a-strlen.o)

.debug_abbrev   0x0000000000000000      0x704
 *(.debug_abbrev)
 .debug_abbrev  0x0000000000000000       0x12 ../ambi_hello_small_bsp//obj/HAL/src/crt0.o
 .debug_abbrev  0x0000000000000012      0x131 obj/default/hello_world_small.o
 .debug_abbrev  0x0000000000000143       0xd8 ../ambi_hello_small_bsp/\libhal_bsp.a(alt_load.o)
 .debug_abbrev  0x000000000000021b       0xee ../ambi_hello_small_bsp/\libhal_bsp.a(alt_main.o)
 .debug_abbrev  0x0000000000000309       0xd3 ../ambi_hello_small_bsp/\libhal_bsp.a(alt_putstr.o)
 .debug_abbrev  0x00000000000003dc      0x10e ../ambi_hello_small_bsp/\libhal_bsp.a(alt_sys_init.o)
 .debug_abbrev  0x00000000000004ea       0xd5 ../ambi_hello_small_bsp/\libhal_bsp.a(altera_avalon_jtag_uart_write.o)
 .debug_abbrev  0x00000000000005bf       0x42 ../ambi_hello_small_bsp/\libhal_bsp.a(alt_dcache_flush_all.o)
 .debug_abbrev  0x0000000000000601       0x42 ../ambi_hello_small_bsp/\libhal_bsp.a(alt_icache_flush_all.o)
 .debug_abbrev  0x0000000000000643       0x42 ../ambi_hello_small_bsp/\libhal_bsp.a(altera_nios2_gen2_irq.o)
 .debug_abbrev  0x0000000000000685       0x7f c:/intelfpga_lite/16.1/nios2eds/bin/gnu/h-x86_64-mingw32/bin/../lib/gcc/nios2-elf/5.3.0/../../../../../H-x86_64-mingw32/nios2-elf/lib/mno-hw-mul\libsmallc.a(lib_a-strlen.o)

.debug_line     0x0000000000000000      0x7b4
 *(.debug_line)
 .debug_line    0x0000000000000000       0x66 ../ambi_hello_small_bsp//obj/HAL/src/crt0.o
 .debug_line    0x0000000000000066       0xfb obj/default/hello_world_small.o
 .debug_line    0x0000000000000161       0xa4 ../ambi_hello_small_bsp/\libhal_bsp.a(alt_load.o)
 .debug_line    0x0000000000000205       0xbd ../ambi_hello_small_bsp/\libhal_bsp.a(alt_main.o)
 .debug_line    0x00000000000002c2       0xa0 ../ambi_hello_small_bsp/\libhal_bsp.a(alt_putstr.o)
 .debug_line    0x0000000000000362      0x11a ../ambi_hello_small_bsp/\libhal_bsp.a(alt_sys_init.o)
 .debug_line    0x000000000000047c       0xf0 ../ambi_hello_small_bsp/\libhal_bsp.a(altera_avalon_jtag_uart_write.o)
 .debug_line    0x000000000000056c       0x4e ../ambi_hello_small_bsp/\libhal_bsp.a(alt_dcache_flush_all.o)
 .debug_line    0x00000000000005ba       0x4e ../ambi_hello_small_bsp/\libhal_bsp.a(alt_icache_flush_all.o)
 .debug_line    0x0000000000000608       0x50 ../ambi_hello_small_bsp/\libhal_bsp.a(altera_nios2_gen2_irq.o)
 .debug_line    0x0000000000000658      0x15c c:/intelfpga_lite/16.1/nios2eds/bin/gnu/h-x86_64-mingw32/bin/../lib/gcc/nios2-elf/5.3.0/../../../../../H-x86_64-mingw32/nios2-elf/lib/mno-hw-mul\libsmallc.a(lib_a-strlen.o)

.debug_frame    0x0000000000000000      0x1b8
 *(.debug_frame)
 .debug_frame   0x0000000000000000       0x50 obj/default/hello_world_small.o
 .debug_frame   0x0000000000000050       0x30 ../ambi_hello_small_bsp/\libhal_bsp.a(alt_load.o)
 .debug_frame   0x0000000000000080       0x2c ../ambi_hello_small_bsp/\libhal_bsp.a(alt_main.o)
 .debug_frame   0x00000000000000ac       0x30 ../ambi_hello_small_bsp/\libhal_bsp.a(alt_putstr.o)
 .debug_frame   0x00000000000000dc       0x3c ../ambi_hello_small_bsp/\libhal_bsp.a(alt_sys_init.o)
 .debug_frame   0x0000000000000118       0x20 ../ambi_hello_small_bsp/\libhal_bsp.a(altera_avalon_jtag_uart_write.o)
 .debug_frame   0x0000000000000138       0x20 ../ambi_hello_small_bsp/\libhal_bsp.a(alt_dcache_flush_all.o)
 .debug_frame   0x0000000000000158       0x20 ../ambi_hello_small_bsp/\libhal_bsp.a(alt_icache_flush_all.o)
 .debug_frame   0x0000000000000178       0x20 ../ambi_hello_small_bsp/\libhal_bsp.a(altera_nios2_gen2_irq.o)
 .debug_frame   0x0000000000000198       0x20 c:/intelfpga_lite/16.1/nios2eds/bin/gnu/h-x86_64-mingw32/bin/../lib/gcc/nios2-elf/5.3.0/../../../../../H-x86_64-mingw32/nios2-elf/lib/mno-hw-mul\libsmallc.a(lib_a-strlen.o)

.debug_str      0x0000000000000000      0x5fc
 *(.debug_str)
 .debug_str     0x0000000000000000      0x133 obj/default/hello_world_small.o
                                        0x171 (size before relaxing)
 .debug_str     0x0000000000000133      0x14d ../ambi_hello_small_bsp/\libhal_bsp.a(alt_load.o)
                                        0x23c (size before relaxing)
 .debug_str     0x0000000000000280       0x8f ../ambi_hello_small_bsp/\libhal_bsp.a(alt_main.o)
                                        0x1b5 (size before relaxing)
 .debug_str     0x000000000000030f       0x64 ../ambi_hello_small_bsp/\libhal_bsp.a(alt_putstr.o)
                                        0x190 (size before relaxing)
 .debug_str     0x0000000000000373       0xb9 ../ambi_hello_small_bsp/\libhal_bsp.a(alt_sys_init.o)
                                        0x25c (size before relaxing)
 .debug_str     0x000000000000042c       0x38 ../ambi_hello_small_bsp/\libhal_bsp.a(altera_avalon_jtag_uart_write.o)
                                        0x215 (size before relaxing)
 .debug_str     0x0000000000000464       0x1f ../ambi_hello_small_bsp/\libhal_bsp.a(alt_dcache_flush_all.o)
                                        0x155 (size before relaxing)
 .debug_str     0x0000000000000483       0x1f ../ambi_hello_small_bsp/\libhal_bsp.a(alt_icache_flush_all.o)
                                        0x155 (size before relaxing)
 .debug_str     0x00000000000004a2       0x20 ../ambi_hello_small_bsp/\libhal_bsp.a(altera_nios2_gen2_irq.o)
                                        0x15c (size before relaxing)
 .debug_str     0x00000000000004c2      0x13a c:/intelfpga_lite/16.1/nios2eds/bin/gnu/h-x86_64-mingw32/bin/../lib/gcc/nios2-elf/5.3.0/../../../../../H-x86_64-mingw32/nios2-elf/lib/mno-hw-mul\libsmallc.a(lib_a-strlen.o)
                                        0x1e5 (size before relaxing)

.debug_loc      0x0000000000000000      0x1aa
 *(.debug_loc)
 .debug_loc     0x0000000000000000       0xa9 obj/default/hello_world_small.o
 .debug_loc     0x00000000000000a9       0x37 ../ambi_hello_small_bsp/\libhal_bsp.a(alt_putstr.o)
 .debug_loc     0x00000000000000e0       0x21 ../ambi_hello_small_bsp/\libhal_bsp.a(alt_sys_init.o)
 .debug_loc     0x0000000000000101       0x8b ../ambi_hello_small_bsp/\libhal_bsp.a(altera_avalon_jtag_uart_write.o)
 .debug_loc     0x000000000000018c       0x1e c:/intelfpga_lite/16.1/nios2eds/bin/gnu/h-x86_64-mingw32/bin/../lib/gcc/nios2-elf/5.3.0/../../../../../H-x86_64-mingw32/nios2-elf/lib/mno-hw-mul\libsmallc.a(lib_a-strlen.o)

.debug_macinfo
 *(.debug_macinfo)

.debug_weaknames
 *(.debug_weaknames)

.debug_funcnames
 *(.debug_funcnames)

.debug_typenames
 *(.debug_typenames)

.debug_varnames
 *(.debug_varnames)

.debug_alt_sim_info
                0x0000000000000000       0x10
 *(.debug_alt_sim_info)
 .debug_alt_sim_info
                0x0000000000000000       0x10 ../ambi_hello_small_bsp//obj/HAL/src/crt0.o
                0x0000000008000000                __alt_data_end = 0x8000000
                0x0000000008000000                PROVIDE (__alt_stack_pointer, __alt_data_end)
                [!provide]                        PROVIDE (__alt_stack_limit, __alt_stack_base)
                [!provide]                        PROVIDE (__alt_heap_start, end)
                [!provide]                        PROVIDE (__alt_heap_limit, 0x8000000)
OUTPUT(ambi_hello_small.elf elf32-littlenios2)

.debug_ranges   0x0000000000000000       0x90
 .debug_ranges  0x0000000000000000       0x20 ../ambi_hello_small_bsp//obj/HAL/src/crt0.o
 .debug_ranges  0x0000000000000020       0x18 obj/default/hello_world_small.o
 .debug_ranges  0x0000000000000038       0x48 ../ambi_hello_small_bsp/\libhal_bsp.a(alt_load.o)
 .debug_ranges  0x0000000000000080       0x10 c:/intelfpga_lite/16.1/nios2eds/bin/gnu/h-x86_64-mingw32/bin/../lib/gcc/nios2-elf/5.3.0/../../../../../H-x86_64-mingw32/nios2-elf/lib/mno-hw-mul\libsmallc.a(lib_a-strlen.o)
